git push

user@DESKTOP-58LRAET MINGW64 ~/desktop/github
$ git : https://214d9228-7c6e-4492-88f0-663bf0b6de5f
git: ':' is not a git command. See 'git --help'.

The most similar commands are
        am
        gc
        mv
        p4
        rm

user@DESKTOP-58LRAET MINGW64 ~/desktop/github
$ git: https://214d9228-7c6e-4492-88f0-663bf0b6de5f
bash: git:: command not found

user@DESKTOP-58LRAET MINGW64 ~/desktop/github
$ git: https://214d9228-7c6e-4492-88f0-663bf0b6de5f
bash: git:: command not found

user@DESKTOP-58LRAET MINGW64 ~/desktop/github
$ git: https://github.com/sungyuha/SeSAC4_web.git
bash: git:: command not found

user@DESKTOP-58LRAET MINGW64 ~/desktop/github
$ git : https://github.com/sungyuha/SeSAC4_web.git
git: ':' is not a git command. See 'git --help'.

The most similar commands are
        am
        gc
        mv
        p4
        rm

user@DESKTOP-58LRAET MINGW64 ~/desktop/github
$ git clone https://github.com/sungyuha/SeSAC4_web.git
Cloning into 'SeSAC4_web'...
remote: Enumerating objects: 12, done.
remote: Counting objects: 100% (12/12), done.
remote: Compressing objects: 100% (6/6), done.
remote: Total 12 (delta 0), reused 3 (delta 0), pack-reused 0
Receiving objects: 100% (12/12), done.

user@DESKTOP-58LRAET MINGW64 ~/desktop/github
$ git config ^C

user@DESKTOP-58LRAET MINGW64 ~/desktop/github
$ ls
SeSAC4_web/

user@DESKTOP-58LRAET MINGW64 ~/desktop/github
$ cd SeSAC4_web/

user@DESKTOP-58LRAET MINGW64 ~/desktop/github/SeSAC4_web (main)
$ git stauts
git: 'stauts' is not a git command. See 'git --help'.

The most similar command is
        status

user@DESKTOP-58LRAET MINGW64 ~/desktop/github/SeSAC4_web (main)
$ git status
On branch main
Your branch is up to date with 'origin/main'.

Changes not staged for commit:
  (use "git add <file>..." to update what will be committed)
  (use "git restore <file>..." to discard changes in working directory)
        modified:   README.md

no changes added to commit (use "git add" and/or "git commit -a")

user@DESKTOP-58LRAET MINGW64 ~/desktop/github/SeSAC4_web (main)
$ git add .

user@DESKTOP-58LRAET MINGW64 ~/desktop/github/SeSAC4_web (main)
$ git commit -m
error: switch `m' requires a value
'
user@DESKTOP-58LRAET MINGW64 ~/desktop/github/SeSAC4_web (main)
$ git commit -m "test"
[main 49fd45a] test
 1 file changed, 1 insertion(+)

user@DESKTOP-58LRAET MINGW64 ~/desktop/github/SeSAC4_web (main)
$ git push
Enumerating objects: 5, done.
Counting objects: 100% (5/5), done.
Writing objects: 100% (3/3), 264 bytes | 264.00 KiB/s, done.
Total 3 (delta 0), reused 0 (delta 0), pack-reused 0
To https://github.com/sungyuha/SeSAC4_web.git
   602de6c..49fd45a  main -> main

user@DESKTOP-58LRAET MINGW64 ~/desktop/github/SeSAC4_web (main)
$
 
p! 그냥 나오기
wq! -> 저장하고 나오기
------------------------------------


HTML

2. 구성요소
1) 블록요소
h1, div, p

2) 인라인요소
a, span, strong

3. 속성

태그를 보조하는 명령어로 태그 안쪽에서 작동
id, class, style, 등등

--> span 태그는 본인만의 크기를 가진다 

br태그는 엔터의 역할을 해준다

a href -> 하이퍼링크

ol의  속성 중 start를 작성하면 몇 부터 시작할지 알려줌


table태그

표 만들기

table 속성
- border:테두리 두께(외각선의 두께)
- cellspacing:경계선 사이의 여백의 크기
- cellpadding: 동일한 여백의 크기

td 속성
- colsapn : 가로칸 병함
- rowsapn : 세로칸 병함


-----
CSS 디자인 하기 위해 사용


외부 스타일 시트
- 


내부 스타일 시트




HTML 태그 내의 스타일 지정


css 구조 
ex) p{color:red; padding:5px;}


css 선택자
1. 단일 선택자
전체 선택자
*
모든 요소를 선택

2) 태그 선택자
태그를 지정해서 선택

3) class 선택자(중요)
class는 여러가지 값을 가질 수 있음
class 앞에 .을 붙임

'코드가 이쁘다라는건 다른 사람이 보기 좋은 코드'

4) ID 선택자

2. 복합 선택자
하위 선택자 -> 
자식 선택자 -> 
일반 형제 선택자 -> 
가상 선택자 -> hover

(중요!!)

position

- static : 정적 위치 지정 방식
